[33mÔØ»[39m Building...
[32mÔ£ö[39m Building...
Application bundle generation failed. [2.248 seconds] - 2026-04-02T12:34:58.809Z

node.exe : 
[1m[33m[33mÔû▓ [43;33m
[[43;30mWARNING[43;33m]
[0m [1mNG8113: 
RouterLink is not used 
within the template of 
PricingComponent[0m 
[1m[35m[plugin 
angular-compiler][0m
At line:1 char:1
+ & "C:\Program 
Files\nodejs/node.exe" 
"C:\Program 
Files\nodejs/node_mo ...
+ ~~~~~~~~~~~~~~~~~~~~~~~~
~~~~~~~~~~~~~~~~~~~~~~~~~~
~~~~~~~~~~~~~~~~~~~
    + CategoryInfo        
      : NotSpecified: (  
  [1m[33m[33mÔ...r-co   
 mpiler][0m:String) [    
], RemoteException
    + FullyQualifiedError 
   Id : NativeCommandErr  
  or
 

    src/app/pages/pricing/
pricing.ts:8:14:
[37m      8 Ôöé     
imports: 
[[32mRouterLink[37m, 
CommonModule],
        ÔòÁ               
[32m~~~~~~~~~~[0m


[33mÔû▓ [43;33m[[43;30m
WARNING[43;33m][0m 
[1mNG8113: RouterLink is 
not used within the 
template of 
ServicesComponent[0m 
[1m[35m[plugin 
angular-compiler][0m

    src/app/pages/services
/services.ts:8:14:
[37m      8 Ôöé     
imports: 
[[32mRouterLink[37m, 
CommonModule],
        ÔòÁ               
[32m~~~~~~~~~~[0m

[39m[22m
[1m[31m[31mX [41;31m[
[41;97mERROR[41;31m][0m 
[1mNG2008: Could not 
find stylesheet file 
'./app.css'.[0m 
[1m[35m[plugin 
angular-compiler][0m

    src/app/app.ts:25:12:
[37m      25 Ôöé   
styleUrl: 
[32m'./app.css'[37m
         ÔòÁ             
[32m~~~~~~~~~~~[0m


[31mX [41;31m[[41;97mER
ROR[41;31m][0m 
[1mTS2339: Property 
'toggleMenu' does not 
exist on type 
'HeaderComponent'.[0m 
[1m[35m[plugin 
angular-compiler][0m

    src/app/components/hea
der/header.html:25:51:
[37m      25 Ôöé 
...s="mobile-toggle" (clic
k)="[32mtoggleMenu[37m()
" aria-label="Toggle 
nav...
         ÔòÁ              
                 
[32m~~~~~~~~~~[0m

  Error occurs in the 
template of component 
HeaderComponent.

    src/app/components/hea
der/header.ts:9:17:
[37m      9 Ôöé     
templateUrl: 
[32m'./header.html'[37m,
        ÔòÁ               
   
[32m~~~~~~~~~~~~~~~[0m


[31mX [41;31m[[41;97mER
ROR[41;31m][0m 
[1mTS2339: Property 
'isMenuOpen' does not 
exist on type 
'HeaderComponent'.[0m 
[1m[35m[plugin 
angular-compiler][0m

    src/app/components/hea
der/header.html:26:56:
[37m      26 Ôöé ...     
  <span class="hamburger" 
[class.active]="[32misMen
uOpen[37m"></span>
         ÔòÁ              
                          
           
[32m~~~~~~~~~~[0m

  Error occurs in the 
template of component 
HeaderComponent.

    src/app/components/hea
der/header.ts:9:17:
[37m      9 Ôöé     
templateUrl: 
[32m'./header.html'[37m,
        ÔòÁ               
   
[32m~~~~~~~~~~~~~~~[0m


[31mX [41;31m[[41;97mER
ROR[41;31m][0m 
[1mTS2339: Property 
'isMenuOpen' does not 
exist on type 
'HeaderComponent'.[0m 
[1m[35m[plugin 
angular-compiler][0m

    src/app/components/hea
der/header.html:32:43:
[37m      32 Ôöé     
<div class="mobile-menu" [
class.open]="[32misMenuOp
en[37m">
         ÔòÁ              
                          
    [32m~~~~~~~~~~[0m

  Error occurs in the 
template of component 
HeaderComponent.

    src/app/components/hea
der/header.ts:9:17:
[37m      9 Ôöé     
templateUrl: 
[32m'./header.html'[37m,
        ÔòÁ               
   
[32m~~~~~~~~~~~~~~~[0m


[31mX [41;31m[[41;97mER
ROR[41;31m][0m 
[1mTS2339: Property 
'closeMenu' does not 
exist on type 
'HeaderComponent'.[0m 
[1m[35m[plugin 
angular-compiler][0m

    src/app/components/hea
der/header.html:34:107:
[37m      34 Ôöé ...rLink
ActiveOptions]="{exact: 
true}" (click)="[32mclose
Menu[37m()">Home</a>
         ÔòÁ              
                          
         
[32m~~~~~~~~~[0m

  Error occurs in the 
template of component 
HeaderComponent.

    src/app/components/hea
der/header.ts:9:17:
[37m      9 Ôöé     
templateUrl: 
[32m'./header.html'[37m,
        ÔòÁ               
   
[32m~~~~~~~~~~~~~~~[0m


[31mX [41;31m[[41;97mER
ROR[41;31m][0m 
[1mTS2339: Property 
'closeMenu' does not 
exist on type 
'HeaderComponent'.[0m 
[1m[35m[plugin 
angular-compiler][0m

    src/app/components/hea
der/header.html:35:73:
[37m      35 Ôöé 
...ices" 
routerLinkActive="active" 
(click)="[32mcloseMenu[3
7m()">Services</a>
         ÔòÁ              
                          
     [32m~~~~~~~~~[0m

  Error occurs in the 
template of component 
HeaderComponent.

    src/app/components/hea
der/header.ts:9:17:
[37m      9 Ôöé     
templateUrl: 
[32m'./header.html'[37m,
        ÔòÁ               
   
[32m~~~~~~~~~~~~~~~[0m


[31mX [41;31m[[41;97mER
ROR[41;31m][0m 
[1mTS2339: Property 
'closeMenu' does not 
exist on type 
'HeaderComponent'.[0m 
[1m[35m[plugin 
angular-compiler][0m

    src/app/components/hea
der/header.html:36:72:
[37m      36 Ôöé 
...icing" 
routerLinkActive="active" 
(click)="[32mcloseMenu[3
7m()">Pricing</a>
         ÔòÁ              
                          
      [32m~~~~~~~~~[0m

  Error occurs in the 
template of component 
HeaderComponent.

    src/app/components/hea
der/header.ts:9:17:
[37m      9 Ôöé     
templateUrl: 
[32m'./header.html'[37m,
        ÔòÁ               
   
[32m~~~~~~~~~~~~~~~[0m


[31mX [41;31m[[41;97mER
ROR[41;31m][0m 
[1mTS2339: Property 
'closeMenu' does not 
exist on type 
'HeaderComponent'.[0m 
[1m[35m[plugin 
angular-compiler][0m

    src/app/components/hea
der/header.html:37:72:
[37m      37 Ôöé 
...ntact" 
routerLinkActive="active" 
(click)="[32mcloseMenu[3
7m()">Contact</a>
         ÔòÁ              
                          
      [32m~~~~~~~~~[0m

  Error occurs in the 
template of component 
HeaderComponent.

    src/app/components/hea
der/header.ts:9:17:
[37m      9 Ôöé     
templateUrl: 
[32m'./header.html'[37m,
        ÔòÁ               
   
[32m~~~~~~~~~~~~~~~[0m


[31mX [41;31m[[41;97mER
ROR[41;31m][0m 
[1mTS2339: Property 
'closeMenu' does not 
exist on type 
'HeaderComponent'.[0m 
[1m[35m[plugin 
angular-compiler][0m

    src/app/components/hea
der/header.html:39:131:
[37m      39 Ôöé 
...rel="noopener 
noreferrer" 
class="mobile-ig" (click)=
"[32mcloseMenu[37m()">
         ÔòÁ              
                          
                 
[32m~~~~~~~~~[0m

  Error occurs in the 
template of component 
HeaderComponent.

    src/app/components/hea
der/header.ts:9:17:
[37m      9 Ôöé     
templateUrl: 
[32m'./header.html'[37m,
        ÔòÁ               
   
[32m~~~~~~~~~~~~~~~[0m


[31mX [41;31m[[41;97mER
ROR[41;31m][0m 
[1mTS2339: Property 
'closeMenu' does not 
exist on type 
'HeaderComponent'.[0m 
[1m[35m[plugin 
angular-compiler][0m

    src/app/components/hea
der/header.html:44:84:
[37m      44 Ôöé 
...-primary 
mobile-cta-btn" (click)="
[32mcloseMenu[37m()">Sche
dule Pickup</a>
         ÔòÁ              
                        
[32m~~~~~~~~~[0m

  Error occurs in the 
template of component 
HeaderComponent.

    src/app/components/hea
der/header.ts:9:17:
[37m      9 Ôöé     
templateUrl: 
[32m'./header.html'[37m,
        ÔòÁ               
   
[32m~~~~~~~~~~~~~~~[0m

[39m[22m
